// Jest Snapshot v1, https://goo.gl/fbAQLP

exports[`<Stack /> should render correctly 1`] = `
.c0 {
  display: -webkit-box;
  display: -webkit-flex;
  display: -ms-flexbox;
  display: flex;
  -webkit-flex-direction: column;
  -ms-flex-direction: column;
  flex-direction: column;
}

<div
  class="c0"
  direction="column"
>
  <div>
    Child 1
  </div>
  <div>
    Child 2
  </div>
  <div>
    Child 3
  </div>
</div>
`;
